Archive member included to satisfy reference by file (symbol)

libc.a(stdio.o)               hello.o (puts)
libc.a(start.o)               (_start)
libc.a(init.o)                libc.a(start.o) (__init)
libc.a(console.o)             libc.a(stdio.o) (Console::vprintf(char const*, char*))
libc.a(console_kernel.o)      libc.a(stdio.o) (vtable for Console_kernel)

Merging program properties

Removed property 0xc0000002 to merge hello.o (0x3) and libc.a(start.o) (not found)
Removed property 0xc0000002 to merge hello.o (not found) and libc.a(init.o) (0x3)
Removed property 0xc0000002 to merge hello.o (not found) and libc.a(console.o) (0x3)
Removed property 0xc0000002 to merge hello.o (not found) and libc.a(console_kernel.o) (0x3)

Allocating common symbols
Common symbol       size              file

uninitialized_var   0x4               hello.o

Discarded input sections

 .group         0x0000000000000000        0x8 hello.o
 .data          0x0000000000000000        0x4 hello.o
 .bss           0x0000000000000000        0x0 hello.o
 .note.GNU-stack
                0x0000000000000000        0x0 hello.o
 .note.gnu.property
                0x0000000000000000       0x1c hello.o
 .eh_frame      0x0000000000000000       0xe0 hello.o
 COMMON         0x0000000000000000        0x4 hello.o
 .group         0x0000000000000000        0x8 libc.a(stdio.o)
 .group         0x0000000000000000        0x8 libc.a(stdio.o)
 .group         0x0000000000000000        0x8 libc.a(stdio.o)
 .group         0x0000000000000000        0x8 libc.a(stdio.o)
 .data          0x0000000000000000        0x0 libc.a(stdio.o)
 .text.__x86.get_pc_thunk.bx
                0x0000000000000000        0x4 libc.a(stdio.o)
 .note.GNU-stack
                0x0000000000000000        0x0 libc.a(stdio.o)
 .note.gnu.property
                0x0000000000000000       0x1c libc.a(stdio.o)
 .eh_frame      0x0000000000000000      0x11c libc.a(stdio.o)
 .data          0x0000000000000000        0x0 libc.a(start.o)
 .bss           0x0000000000000000        0x0 libc.a(start.o)
 .group         0x0000000000000000        0x8 libc.a(init.o)
 .data          0x0000000000000000        0x0 libc.a(init.o)
 .bss           0x0000000000000000        0x0 libc.a(init.o)
 .text.__x86.get_pc_thunk.bx
                0x0000000000000000        0x4 libc.a(init.o)
 .note.GNU-stack
                0x0000000000000000        0x0 libc.a(init.o)
 .note.gnu.property
                0x0000000000000000       0x1c libc.a(init.o)
 .eh_frame      0x0000000000000000       0x58 libc.a(init.o)
 .group         0x0000000000000000        0x8 libc.a(console.o)
 .data          0x0000000000000000        0x0 libc.a(console.o)
 .bss           0x0000000000000000        0x0 libc.a(console.o)
 .note.GNU-stack
                0x0000000000000000        0x0 libc.a(console.o)
 .note.gnu.property
                0x0000000000000000       0x1c libc.a(console.o)
 .eh_frame      0x0000000000000000      0x180 libc.a(console.o)
 .group         0x0000000000000000        0xc libc.a(console_kernel.o)
 .data          0x0000000000000000        0x0 libc.a(console_kernel.o)
 .bss           0x0000000000000000        0x0 libc.a(console_kernel.o)
 .note.GNU-stack
                0x0000000000000000        0x0 libc.a(console_kernel.o)
 .note.gnu.property
                0x0000000000000000       0x1c libc.a(console_kernel.o)
 .eh_frame      0x0000000000000000       0x5c libc.a(console_kernel.o)

Memory Configuration

Name             Origin             Length             Attributes
*default*        0x0000000000000000 0xffffffffffffffff

Linker script and memory map

                0x00000000c0000000                stack_top = 0xc0000000
                0x0000000000001000                . = 0x1000
                0x0000000000001074                . = (. + SIZEOF_HEADERS)

.text           0x0000000000001074      0x705
 *(.text*)
 .text          0x0000000000001074       0xd1 hello.o
                0x0000000000001074                memcpy
                0x000000000000108d                memset
                0x00000000000010a6                strcmp
                0x00000000000010ce                syscall2
                0x00000000000010e8                nbrk
                0x00000000000010fb                main
 .text.__x86.get_pc_thunk.bx
                0x0000000000001145        0x4 hello.o
                0x0000000000001145                __x86.get_pc_thunk.bx
 .text          0x0000000000001149       0xef libc.a(stdio.o)
                0x0000000000001180                panic
                0x00000000000011b2                printf
                0x00000000000011f9                puts
                0x000000000000121e                __cxa_pure_virtual
 .text._ZN8Spinlock4lockEv
                0x0000000000001238       0x1d libc.a(stdio.o)
                0x0000000000001238                Spinlock::lock()
 .text.__x86.get_pc_thunk.ax
                0x0000000000001255        0x4 libc.a(stdio.o)
                0x0000000000001255                __x86.get_pc_thunk.ax
 .text.__x86.get_pc_thunk.cx
                0x0000000000001259        0x4 libc.a(stdio.o)
                0x0000000000001259                __x86.get_pc_thunk.cx
 .text          0x000000000000125d       0x11 libc.a(start.o)
                0x000000000000125d                _start
 .text          0x000000000000126e       0x59 libc.a(init.o)
                0x000000000000126e                __init
 *fill*         0x00000000000012c7        0x1 
 .text          0x00000000000012c8      0x45e libc.a(console.o)
                0x00000000000012c8                Console::print_number(unsigned long long, unsigned int, unsigned int, unsigned int)
                0x0000000000001452                Console::vprintf(char const*, char*)
 .text.__x86.get_pc_thunk.si
                0x0000000000001726        0x4 libc.a(console.o)
                0x0000000000001726                __x86.get_pc_thunk.si
 .text          0x000000000000172a       0x4f libc.a(console_kernel.o)
                0x0000000000001742                Console_kernel::putc(int)

.iplt           0x0000000000001779        0x0
 .iplt          0x0000000000001779        0x0 hello.o

.eh_frame_hdr   0x000000000000177c        0x0
 .eh_frame_hdr  0x000000000000177c        0x0 hello.o

.rel.dyn        0x000000000000177c        0x0
 .rel.got       0x000000000000177c        0x0 hello.o
 .rel.iplt      0x000000000000177c        0x0 hello.o
 .rel.text      0x000000000000177c        0x0 hello.o

.init_array     0x000000000000177c      0x884
                0x000000000000177c                PROVIDE (CTORS_L = .)
 *(.init_array.65534 .ctors.00001)
                0x000000000000177c                PROVIDE (CTORS_G = .)
 *(.init_array.* .ctors.*)
 .init_array.00101
                0x000000000000177c        0x4 libc.a(stdio.o)
 *(.init_array .ctors)
                0x0000000000001780                PROVIDE (CTORS_E = .)
                0x0000000000002000                . = ALIGN (0x1000)
 *fill*         0x0000000000001780      0x880 
                0x0000000000002000                . = ALIGN (0x1000)

.data           0x0000000000002000      0x188
                0x0000000000002000        0x1 BYTE 0x42
 *(.rodata*)
 .rodata.str1.1
                0x0000000000002001        0xd hello.o
 .rodata.str1.1
                0x000000000000200e        0x4 libc.a(stdio.o)
 .rodata.str1.1
                0x0000000000002012       0x11 libc.a(console.o)
 *fill*         0x0000000000002023        0x1 
 .rodata        0x0000000000002024      0x158 libc.a(console.o)
 *(.data*)
 .data.rel.ro.local._ZTV14Console_kernel
                0x000000000000217c        0xc libc.a(console_kernel.o)
                0x000000000000217c                vtable for Console_kernel

.got            0x0000000000002188        0x0
 .got           0x0000000000002188        0x0 hello.o

.got.plt        0x0000000000002188        0xc
 .got.plt       0x0000000000002188        0xc hello.o
                0x0000000000002188                _GLOBAL_OFFSET_TABLE_

.igot.plt       0x0000000000002194        0x0
 .igot.plt      0x0000000000002194        0x0 hello.o

.bss            0x00000000000021a0       0x90
 *(.bss*)
 .bss           0x00000000000021a0       0x90 libc.a(stdio.o)
                0x00000000000021a0                printf_lock
                0x00000000000021c0                console
                [!provide]                        PROVIDE (BSS_E = .)

.stab
 *(.stab)

.stabstr
 *(.stabstr)

.stab.excl
 *(.stab.excl)

.stab.exclstr
 *(.stab.exclstr)

.stab.index
 *(.stab.index)

.stab.indexstr
 *(.stab.indexstr)

.comment        0x0000000000000000       0x2a
 *(.comment)
 .comment       0x0000000000000000       0x2a hello.o
                                         0x2b (size before relaxing)
 .comment       0x000000000000002a       0x2b libc.a(stdio.o)
 .comment       0x000000000000002a       0x2b libc.a(init.o)
 .comment       0x000000000000002a       0x2b libc.a(console.o)
 .comment       0x000000000000002a       0x2b libc.a(console_kernel.o)

.debug
 *(.debug)

.line
 *(.line)

.debug_srcinfo
 *(.debug_srcinfo)

.debug_sfnames
 *(.debug_sfnames)

.debug_aranges  0x0000000000000000       0xc8
 *(.debug_aranges)
 .debug_aranges
                0x0000000000000000       0x20 hello.o
 .debug_aranges
                0x0000000000000020       0x28 libc.a(stdio.o)
 .debug_aranges
                0x0000000000000048       0x20 libc.a(start.o)
 .debug_aranges
                0x0000000000000068       0x20 libc.a(init.o)
 .debug_aranges
                0x0000000000000088       0x20 libc.a(console.o)
 .debug_aranges
                0x00000000000000a8       0x20 libc.a(console_kernel.o)

.debug_pubnames
 *(.debug_pubnames)

.debug_info     0x0000000000000000     0x1496
 *(.debug_info .gnu.linkonce.wi.*)
 .debug_info    0x0000000000000000      0x25f hello.o
 .debug_info    0x000000000000025f      0x7e6 libc.a(stdio.o)
 .debug_info    0x0000000000000a45       0x26 libc.a(start.o)
 .debug_info    0x0000000000000a6b      0x1d6 libc.a(init.o)
 .debug_info    0x0000000000000c41      0x515 libc.a(console.o)
 .debug_info    0x0000000000001156      0x340 libc.a(console_kernel.o)

.debug_abbrev   0x0000000000000000      0xad8
 *(.debug_abbrev)
 .debug_abbrev  0x0000000000000000      0x103 hello.o
 .debug_abbrev  0x0000000000000103      0x411 libc.a(stdio.o)
 .debug_abbrev  0x0000000000000514       0x14 libc.a(start.o)
 .debug_abbrev  0x0000000000000528      0x10d libc.a(init.o)
 .debug_abbrev  0x0000000000000635      0x290 libc.a(console.o)
 .debug_abbrev  0x00000000000008c5      0x213 libc.a(console_kernel.o)

.debug_line     0x0000000000000000      0x953
 *(.debug_line .debug_line.* .debug_line_end)
 .debug_line    0x0000000000000000      0x126 hello.o
 .debug_line    0x0000000000000126      0x1ca libc.a(stdio.o)
 .debug_line    0x00000000000002f0       0x3c libc.a(start.o)
 .debug_line    0x000000000000032c      0x102 libc.a(init.o)
 .debug_line    0x000000000000042e      0x429 libc.a(console.o)
 .debug_line    0x0000000000000857       0xfc libc.a(console_kernel.o)

.debug_frame
 *(.debug_frame)

.debug_str      0x0000000000000000      0x840
 *(.debug_str)
 .debug_str     0x0000000000000000      0x1b7 hello.o
                                        0x1f9 (size before relaxing)
 .debug_str     0x00000000000001b7      0x4fa libc.a(stdio.o)
                                        0x600 (size before relaxing)
 .debug_str     0x00000000000006b1       0x18 libc.a(start.o)
                                         0x62 (size before relaxing)
 .debug_str     0x00000000000006c9       0x8a libc.a(init.o)
                                        0x254 (size before relaxing)
 .debug_str     0x0000000000000753       0x94 libc.a(console.o)
                                        0x353 (size before relaxing)
 .debug_str     0x00000000000007e7       0x59 libc.a(console_kernel.o)
                                        0x32e (size before relaxing)

.debug_loc      0x0000000000000000      0xa32
 *(.debug_loc)
 .debug_loc     0x0000000000000000       0xab hello.o
 .debug_loc     0x00000000000000ab      0x174 libc.a(stdio.o)
 .debug_loc     0x000000000000021f       0x5e libc.a(init.o)
 .debug_loc     0x000000000000027d      0x6a3 libc.a(console.o)
 .debug_loc     0x0000000000000920      0x112 libc.a(console_kernel.o)

.debug_macinfo
 *(.debug_macinfo)

.debug_weaknames
 *(.debug_weaknames)

.debug_funcnames
 *(.debug_funcnames)

.debug_typenames
 *(.debug_typenames)

.debug_varnames
 *(.debug_varnames)

.debug_pubtypes
 *(.debug_pubtypes)

.debug_ranges   0x0000000000000000       0x48
 *(.debug_ranges)
 .debug_ranges  0x0000000000000000       0x30 libc.a(stdio.o)
 .debug_ranges  0x0000000000000030       0x18 libc.a(console.o)

.debug_macro
 *(.debug_macro)

.debug_addr
 *(.debug_addr)

.gnu.attributes
 *(.gnu.attributes)

/DISCARD/
 *(.note.GNU-stack)
 *(.gnu_debuglink)
 *(.gnu.lto_*)
LOAD hello.o
LOAD libc.a
OUTPUT(hello elf32-i386)
